npm : npm WARN config 
global `--global`, 
`--local` are 
deprecated. Use 
`--location=global` 
instead.
En línea: 1 Carácter: 
1
+ npm run build > 
build_error.log 2>&1
+ ~~~~~~~~~~~~~~~~~~~~
~~~~~~~~~~~~~~~~
    + CategoryInfo    
          : NotSpeci  
  fied: (npm WARN c   
 onfig...lobal` in    
stead.:String) []    
, RemoteException
    + FullyQualifiedE 
   rrorId : NativeCo  
  mmandError
 

> astral-shepard@0.1.0 build
> next build

You are using Node.js 
16.15.1. For Next.js, 
Node.js version >= 
v18.17.0 is required.
